⚠ The "middleware" file convention is deprecated. Please use "proxy" instead.

  To migrate automatically, run:
  npx @next/codemod@canary middleware-to-proxy .

  Learn more: https://nextjs.org/docs/messages/middleware-to-proxy
[browser] The result of getSnapshot should be cached to avoid an infinite loop 
    at NotificationBell (src/components/notifications/notification-bell.tsx:86:45)
  84 |   const unread = useUnreadCount();
  85 |   const { connected, sseConnected, wsConnected } = useRealtimeStatus();
> 86 |   const notifications = useNotificationStore((s) => s.notifications.slice(0, 30));
     |                                             ^
  87 |   const markAsRead = useNotificationStore((s) => s.markAsRead);
  88 |   const markAllAsRead = useNotificationStore((s) => s.markAllAsRead);
  89 |   const clearNotification = useNotificationStore((s) => s.clearNotification); (src/components/notifications/notification-bell.tsx:86:45)
[browser] Error: Maximum update depth exceeded. This can happen when a component repeatedly calls setState inside componentWillUpdate or componentDidUpdate. React limits the number of nested updates to prevent infinite loops. (src/app/error.tsx:15:13)
[browser] Error: Maximum update depth exceeded. This can happen when a component repeatedly calls setState inside componentWillUpdate or componentDidUpdate. React limits the number of nested updates to prevent infinite loops. (src/app/error.tsx:15:13)
[browser] Error: Maximum update depth exceeded. This can happen when a component repeatedly calls setState inside componentWillUpdate or componentDidUpdate. React limits the number of nested updates to prevent infinite loops. (src/app/error.tsx:15:13)
[browser] Error: Maximum update depth exceeded. This can happen when a component repeatedly calls setState inside componentWillUpdate or componentDidUpdate. React limits the number of nested updates to prevent infinite loops. (src/app/error.tsx:15:13)
[browser] Maximum update depth exceeded. This can happen when a component calls setState inside useEffect, but useEffect either doesn't have a dependency array, or one of the dependencies changes on every render. 
[browser] Error: Maximum update depth exceeded. This can happen when a component repeatedly calls setState inside componentWillUpdate or componentDidUpdate. React limits the number of nested updates to prevent infinite loops. (src/app/error.tsx:15:13)
[browser] Error: Maximum update depth exceeded. This can happen when a component repeatedly calls setState inside componentWillUpdate or componentDidUpdate. React limits the number of nested updates to prevent infinite loops. (src/app/error.tsx:15:13)
[browser] Error: Maximum update depth exceeded. This can happen when a component repeatedly calls setState inside componentWillUpdate or componentDidUpdate. React limits the number of nested updates to prevent infinite loops. (src/app/error.tsx:15:13)
[browser] Error: Maximum update depth exceeded. This can happen when a component repeatedly calls setState inside componentWillUpdate or componentDidUpdate. React limits the number of nested updates to prevent infinite loops. (src/app/error.tsx:15:13)
[browser] Error: Maximum update depth exceeded. This can happen when a component repeatedly calls setState inside componentWillUpdate or componentDidUpdate. React limits the number of nested updates to prevent infinite loops. (src/app/error.tsx:15:13)
[browser] Error: Maximum update depth exceeded. This can happen when a component repeatedly calls setState inside componentWillUpdate or componentDidUpdate. React limits the number of nested updates to prevent infinite loops. (src/app/error.tsx:15:13)
[browser] Error: Maximum update depth exceeded. This can happen when a component repeatedly calls setState inside componentWillUpdate or componentDidUpdate. React limits the number of nested updates to prevent infinite loops. (src/app/error.tsx:15:13)
[browser] Error: Maximum update depth exceeded. This can happen when a component repeatedly calls setState inside componentWillUpdate or componentDidUpdate. React limits the number of nested updates to prevent infinite loops. (src/app/error.tsx:15:13)
[browser] Maximum update depth exceeded. This can happen when a component calls setState inside useEffect, but useEffect either doesn't have a dependency array, or one of the dependencies changes on every render. 
[browser] Error: Maximum update depth exceeded. This can happen when a component repeatedly calls setState inside componentWillUpdate or componentDidUpdate. React limits the number of nested updates to prevent infinite loops. (src/app/error.tsx:15:13)
[browser] Error: Maximum update depth exceeded. This can happen when a component repeatedly calls setState inside componentWillUpdate or componentDidUpdate. React limits the number of nested updates to prevent infinite loops. (src/app/error.tsx:15:13)
[browser] Error: Maximum update depth exceeded. This can happen when a component repeatedly calls setState inside componentWillUpdate or componentDidUpdate. React limits the number of nested updates to prevent infinite loops. (src/app/error.tsx:15:13)
[browser] Error: Maximum update depth exceeded. This can happen when a component repeatedly calls setState inside componentWillUpdate or componentDidUpdate. React limits the number of nested updates to prevent infinite loops. (src/app/error.tsx:15:13)
[browser] Maximum update depth exceeded. This can happen when a component calls setState inside useEffect, but useEffect either doesn't have a dependency array, or one of the dependencies changes on every render. 
[browser] Error: Maximum update depth exceeded. This can happen when a component repeatedly calls setState inside componentWillUpdate or componentDidUpdate. React limits the number of nested updates to prevent infinite loops. (src/app/error.tsx:15:13)
[browser] Error: Maximum update depth exceeded. This can happen when a component repeatedly calls setState inside componentWillUpdate or componentDidUpdate. React limits the number of nested updates to prevent infinite loops. (src/app/error.tsx:15:13)
[browser] Maximum update depth exceeded. This can happen when a component calls setState inside useEffect, but useEffect either doesn't have a dependency array, or one of the dependencies changes on every render. 
[browser] Error: Maximum update depth exceeded. This can happen when a component repeatedly calls setState inside componentWillUpdate or componentDidUpdate. React limits the number of nested updates to prevent infinite loops. (src/app/error.tsx:15:13)
[browser] Error: Maximum update depth exceeded. This can happen when a component repeatedly calls setState inside componentWillUpdate or componentDidUpdate. React limits the number of nested updates to prevent infinite loops. (src/app/error.tsx:15:13)
[browser] Maximum update depth exceeded. This can happen when a component calls setState inside useEffect, but useEffect either doesn't have a dependency array, or one of the dependencies changes on every render. 
[browser] Error: Maximum update depth exceeded. This can happen when a component repeatedly calls setState inside componentWillUpdate or componentDidUpdate. React limits the number of nested updates to prevent infinite loops. (src/app/error.tsx:15:13)
[browser] Error: Maximum update depth exceeded. This can happen when a component repeatedly calls setState inside componentWillUpdate or componentDidUpdate. React limits the number of nested updates to prevent infinite loops. (src/app/error.tsx:15:13)
[browser] Error: Maximum update depth exceeded. This can happen when a component repeatedly calls setState inside componentWillUpdate or componentDidUpdate. React limits the number of nested updates to prevent infinite loops. (src/app/error.tsx:15:13)
[browser] Error: Maximum update depth exceeded. This can happen when a component repeatedly calls setState inside componentWillUpdate or componentDidUpdate. React limits the number of nested updates to prevent infinite loops. (src/app/error.tsx:15:13)
[browser] Error: Maximum update depth exceeded. This can happen when a component repeatedly calls setState inside componentWillUpdate or componentDidUpdate. React limits the number of nested updates to prevent infinite loops. (src/app/error.tsx:15:13)
[browser] Error: Maximum update depth exceeded. This can happen when a component repeatedly calls setState inside componentWillUpdate or componentDidUpdate. React limits the number of nested updates to prevent infinite loops. (src/app/error.tsx:15:13)
[browser] Error: Base UI: MenuGroupContext is missing. Menu group parts must be used within <Menu.Group> or <Menu.RadioGroup>. (src/app/error.tsx:15:13)
[browser] Error: Base UI: MenuGroupContext is missing. Menu group parts must be used within <Menu.Group> or <Menu.RadioGroup>. (src/app/error.tsx:15:13)
[browser] Error: Base UI: MenuGroupContext is missing. Menu group parts must be used within <Menu.Group> or <Menu.RadioGroup>. (src/app/error.tsx:15:13)
[browser] Error: Base UI: MenuGroupContext is missing. Menu group parts must be used within <Menu.Group> or <Menu.RadioGroup>. (src/app/error.tsx:15:13)
