
> frontend@0.1.0 dev
> next dev

▲ Next.js 16.3.0 (Turbopack)
- Local:         http://localhost:3000
- Network:       http://192.168.31.248:3000
- Environments: .env.local
✓ Ready in 1470ms
✓ Running next.config.ts took 105ms

 GET / 200 in 2.3s (next.js: 1021ms, application-code: 1283ms)
 GET /api/auth/session 200 in 3.0s (next.js: 2.9s, application-code: 156ms)
 GET /api/auth/session 200 in 58ms (next.js: 29ms, application-code: 29ms)
 GET /api/auth/session 200 in 123ms (next.js: 58ms, application-code: 65ms)
✓ Compiled in 849ms
✓ Compiled in 1089ms
 GET / 200 in 426ms (next.js: 67ms, application-code: 360ms)
 GET / 200 in 345ms (next.js: 10ms, application-code: 336ms)
 GET / 200 in 459ms (next.js: 76ms, application-code: 383ms)
 GET /api/auth/session 200 in 143ms (next.js: 85ms, application-code: 58ms)
 GET / 200 in 343ms (next.js: 16ms, application-code: 327ms)
 GET /api/auth/session 200 in 77ms (next.js: 33ms, application-code: 44ms)
 GET /api/auth/session 200 in 103ms (next.js: 12ms, application-code: 91ms)
○ Compiling /user/cafes ...
 GET /register/cafe 200 in 3.4s (next.js: 2.8s, application-code: 553ms)
 GET /user/cafes 200 in 6.0s (next.js: 5.1s, proxy.ts: 230ms, application-code: 615ms)
 GET /register/cafe 200 in 1344ms (next.js: 269ms, application-code: 1075ms)
 GET /register/cafe 200 in 535ms (next.js: 171ms, application-code: 364ms)
 GET /user/cafes 200 in 1939ms (next.js: 1143ms, proxy.ts: 279ms, application-code: 517ms)
 GET /register/cafe 200 in 539ms (next.js: 300ms, application-code: 239ms)
 GET /user/cafes 200 in 643ms (next.js: 29ms, proxy.ts: 165ms, application-code: 450ms)
 GET /user/cafes 200 in 632ms (next.js: 239ms, proxy.ts: 82ms, application-code: 311ms)
 GET /register/cafe 200 in 345ms (next.js: 17ms, application-code: 328ms)
 GET /user/cafes 200 in 495ms (next.js: 102ms, proxy.ts: 16ms, application-code: 376ms)
 GET /register/cafe 200 in 308ms (next.js: 31ms, application-code: 277ms)
 GET /register/cafe 200 in 284ms (next.js: 78ms, application-code: 205ms)
 GET /register/cafe 200 in 227ms (next.js: 77ms, application-code: 150ms)
 GET /register/cafe 200 in 221ms (next.js: 122ms, application-code: 99ms)
 GET /user/cafes 200 in 336ms (next.js: 78ms, proxy.ts: 150ms, application-code: 108ms)
 GET /register/cafe 200 in 218ms (next.js: 120ms, application-code: 98ms)
 GET /user 307 in 785ms (proxy.ts: 12ms)
 GET /user 200 in 315ms (next.js: 58ms, proxy.ts: 109ms, application-code: 148ms)
 GET /api/auth/session 200 in 212ms (next.js: 156ms, application-code: 57ms)
 GET /user 307 in 74ms (proxy.ts: 36ms)
 GET /user 200 in 137ms (next.js: 21ms, proxy.ts: 16ms, application-code: 100ms)
 GET /user/cafes 200 in 273ms (next.js: 164ms, proxy.ts: 12ms, application-code: 96ms)
 GET /api/auth/session 200 in 151ms (next.js: 75ms, application-code: 76ms)
 GET /api/auth/session 200 in 97ms (next.js: 27ms, application-code: 70ms)
 GET /api/auth/session 200 in 66ms (next.js: 33ms, application-code: 34ms)
 GET /api/auth/session 200 in 47ms (next.js: 9ms, application-code: 38ms)
 GET /user/cafes 200 in 128ms (next.js: 13ms, proxy.ts: 11ms, application-code: 103ms)
 GET /api/auth/session 200 in 74ms (next.js: 43ms, application-code: 31ms)
 GET /api/auth/session 200 in 45ms (next.js: 11ms, application-code: 33ms)
 GET /api/auth/session 200 in 85ms (next.js: 39ms, application-code: 46ms)
 GET /api/auth/session 200 in 93ms (next.js: 49ms, application-code: 44ms)
 GET /api/auth/session 200 in 101ms (next.js: 71ms, application-code: 30ms)
 GET /register/cafe 200 in 1131ms (next.js: 17ms, application-code: 1115ms)
 GET /api/auth/session 200 in 61ms (next.js: 26ms, application-code: 35ms)
 GET /register/cafe 200 in 173ms (next.js: 15ms, application-code: 158ms)
 GET /login 200 in 582ms (next.js: 404ms, proxy.ts: 12ms, application-code: 167ms)
 GET / 200 in 74ms (next.js: 15ms, application-code: 59ms)
✓ Finished filesystem cache database compaction in 49.7min
 GET /api/auth/session 200 in 842ms (next.js: 779ms, application-code: 62ms)
 GET /api/auth/session 200 in 815ms (next.js: 137ms, application-code: 678ms)
 GET /api/auth/session 200 in 84ms (next.js: 16ms, application-code: 68ms)
 GET /api/auth/session 200 in 71ms (next.js: 10ms, application-code: 61ms)
 GET /api/auth/session 200 in 66ms (next.js: 33ms, application-code: 33ms)
 GET /api/auth/session 200 in 92ms (next.js: 61ms, application-code: 31ms)
 GET /user/cafes 200 in 263ms (next.js: 140ms, proxy.ts: 18ms, application-code: 104ms)
 GET /api/auth/session 200 in 99ms (next.js: 48ms, application-code: 51ms)
 GET /api/auth/session 200 in 38ms (next.js: 14ms, application-code: 24ms)
 GET /login?from=%2Fuser%2Fcafes 200 in 298ms (next.js: 149ms, proxy.ts: 9ms, application-code: 140ms)
 GET / 200 in 298ms (next.js: 19ms, application-code: 280ms)
 GET /register/cafe 200 in 250ms (next.js: 90ms, application-code: 160ms)
 GET /login 200 in 130ms (next.js: 15ms, proxy.ts: 10ms, application-code: 105ms)
 GET /api/auth/session 200 in 87ms (next.js: 35ms, application-code: 52ms)
 GET /api/auth/session 200 in 51ms (next.js: 8ms, application-code: 43ms)
 GET / 200 in 483ms (next.js: 63ms, application-code: 421ms)
 GET /api/auth/session 200 in 72ms (next.js: 34ms, application-code: 38ms)
 GET /api/auth/session 200 in 42ms (next.js: 14ms, application-code: 29ms)
 GET /api/auth/session 200 in 44ms (next.js: 9ms, application-code: 35ms)
 GET /user/cafes 200 in 337ms (next.js: 27ms, proxy.ts: 15ms, application-code: 295ms)
 GET /api/v1/cafes/nearby?latitude=40.7128&longitude=-74.006&radius_km=5&page=1&page_size=20&only_open=1 404 in 3.0s (next.js: 2.7s, application-code: 278ms)
 GET /api/v1/cafes/nearby?latitude=40.7128&longitude=-74.006&radius_km=5&page=1&page_size=20&only_open=1 404 in 168ms (next.js: 40ms, application-code: 129ms)
 GET /user/documents 200 in 2.6s (next.js: 2.5s, proxy.ts: 12ms, application-code: 96ms)
 GET /user/documents/doc_sample_001 200 in 3.9s (next.js: 3.8s, proxy.ts: 12ms, application-code: 73ms)
 GET /user/documents 200 in 250ms (next.js: 113ms, proxy.ts: 46ms, application-code: 91ms)
 GET /user/wallet 404 in 130ms (next.js: 49ms, proxy.ts: 12ms, application-code: 69ms)
 GET /user/wallet 404 in 212ms (next.js: 40ms, proxy.ts: 24ms, application-code: 148ms)
 GET /api/auth/session 200 in 78ms (next.js: 43ms, application-code: 36ms)
 GET /api/auth/session 200 in 68ms (next.js: 32ms, application-code: 36ms)
 GET /user/wallet 404 in 222ms (next.js: 47ms, proxy.ts: 17ms, application-code: 158ms)
 GET /user/documents 200 in 947ms (next.js: 18ms, proxy.ts: 10ms, application-code: 918ms)
 GET /api/auth/session 200 in 167ms (next.js: 117ms, application-code: 49ms)
 GET /api/auth/session 200 in 55ms (next.js: 14ms, application-code: 40ms)
 GET /user/settings 404 in 255ms (next.js: 68ms, proxy.ts: 18ms, application-code: 169ms)
 GET /user/settings 404 in 253ms (next.js: 34ms, proxy.ts: 13ms, application-code: 206ms)
 GET /api/auth/session 200 in 81ms (next.js: 50ms, application-code: 31ms)
 GET /api/auth/session 200 in 55ms (next.js: 22ms, application-code: 33ms)
 GET /api/auth/session 200 in 120ms (next.js: 52ms, application-code: 68ms)
 GET /api/auth/session 200 in 55ms (next.js: 12ms, application-code: 43ms)
 GET /user/documents/doc_sample_001 200 in 170ms (next.js: 59ms, proxy.ts: 18ms, application-code: 94ms)
 GET /user 200 in 111ms (next.js: 43ms, proxy.ts: 9ms, application-code: 59ms)
 GET /user/documents 200 in 87ms (next.js: 19ms, proxy.ts: 9ms, application-code: 60ms)
 GET /user 200 in 79ms (next.js: 19ms, proxy.ts: 10ms, application-code: 50ms)
 GET /api/auth/csrf 200 in 50ms (next.js: 24ms, application-code: 25ms)
 POST /api/auth/signout 200 in 44ms (next.js: 10ms, application-code: 35ms)
 GET / 200 in 367ms (next.js: 25ms, application-code: 342ms)
 GET /api/auth/session 200 in 85ms (next.js: 39ms, application-code: 47ms)
 GET /api/auth/session 200 in 42ms (next.js: 8ms, application-code: 34ms)
 GET /register/cafe 200 in 82ms (next.js: 26ms, application-code: 56ms)
 GET /login 200 in 124ms (next.js: 55ms, proxy.ts: 16ms, application-code: 53ms)
 GET /api/auth/providers 200 in 52ms (next.js: 24ms, application-code: 28ms)
 GET /api/auth/csrf 200 in 36ms (next.js: 7ms, application-code: 29ms)
 POST /api/auth/callback/credentials 200 in 35ms (next.js: 6ms, application-code: 28ms)
 GET /user 200 in 350ms (next.js: 30ms, proxy.ts: 9ms, application-code: 311ms)
 GET /api/auth/session 200 in 59ms (next.js: 12ms, application-code: 46ms)
 GET /api/auth/session 200 in 45ms (next.js: 10ms, application-code: 36ms)
 GET /user/documents 200 in 100ms (next.js: 16ms, proxy.ts: 13ms, application-code: 70ms)
 GET /user/documents/doc_msu9gwbe_vzdrom 200 in 171ms (next.js: 44ms, proxy.ts: 8ms, application-code: 118ms)
 GET /user/documents 200 in 111ms (next.js: 24ms, proxy.ts: 18ms, application-code: 69ms)
 GET /user/wallet 404 in 92ms (next.js: 30ms, proxy.ts: 11ms, application-code: 51ms)
 GET /user/wallet 404 in 149ms (next.js: 32ms, proxy.ts: 14ms, application-code: 103ms)
 GET /api/auth/session 200 in 59ms (next.js: 32ms, application-code: 27ms)
 GET /api/auth/session 200 in 27ms (next.js: 9ms, application-code: 18ms)
 GET /api/auth/session 200 in 83ms (next.js: 25ms, application-code: 58ms)
 GET /api/auth/session 200 in 46ms (next.js: 12ms, application-code: 34ms)
 GET /api/auth/session 200 in 285ms (next.js: 119ms, application-code: 166ms)
 GET /api/auth/session 200 in 75ms (next.js: 31ms, application-code: 43ms)
 GET /user/wallet 404 in 149ms (next.js: 33ms, proxy.ts: 20ms, application-code: 96ms)
 GET /user/wallet 404 in 594ms (next.js: 211ms, proxy.ts: 77ms, application-code: 305ms)
 GET /api/auth/session 200 in 62ms (next.js: 32ms, application-code: 29ms)
 GET /api/auth/session 200 in 39ms (next.js: 13ms, application-code: 26ms)
 GET /user/wallet 404 in 177ms (next.js: 37ms, proxy.ts: 13ms, application-code: 127ms)
 GET /api/auth/session 200 in 60ms (next.js: 31ms, application-code: 29ms)
 GET /api/auth/session 200 in 53ms (next.js: 13ms, application-code: 41ms)
 GET /api/auth/session 200 in 79ms (next.js: 41ms, application-code: 38ms)
 GET /api/auth/session 200 in 52ms (next.js: 13ms, application-code: 39ms)
 GET /api/auth/session 200 in 61ms (next.js: 12ms, application-code: 49ms)
 GET /user/print 404 in 77ms (next.js: 24ms, proxy.ts: 12ms, application-code: 41ms)
 GET /user/print 404 in 216ms (next.js: 36ms, proxy.ts: 14ms, application-code: 166ms)
 GET /api/auth/session 200 in 81ms (next.js: 20ms, application-code: 61ms)
 GET /api/auth/session 200 in 49ms (next.js: 9ms, application-code: 39ms)
 GET /api/auth/session 200 in 138ms (next.js: 58ms, application-code: 80ms)
 GET /api/auth/session 200 in 53ms (next.js: 14ms, application-code: 40ms)
 GET /user/settings 404 in 91ms (next.js: 27ms, proxy.ts: 11ms, application-code: 52ms)
 GET /user/settings 404 in 166ms (next.js: 35ms, proxy.ts: 10ms, application-code: 120ms)
 GET /api/auth/session 200 in 76ms (next.js: 37ms, application-code: 39ms)
 GET /api/auth/session 200 in 49ms (next.js: 9ms, application-code: 40ms)
 GET /api/auth/session 200 in 79ms (next.js: 26ms, application-code: 52ms)
 GET /api/auth/session 200 in 57ms (next.js: 25ms, application-code: 32ms)
 GET /user 200 in 73ms (next.js: 16ms, proxy.ts: 7ms, application-code: 50ms)
 GET /user/print 404 in 79ms (next.js: 24ms, proxy.ts: 8ms, application-code: 47ms)
 GET /user/print 404 in 249ms (next.js: 67ms, proxy.ts: 10ms, application-code: 172ms)
 GET /api/auth/session 200 in 69ms (next.js: 31ms, application-code: 38ms)
 GET /api/auth/session 200 in 52ms (next.js: 9ms, application-code: 43ms)
 GET /api/auth/session 200 in 64ms (next.js: 25ms, application-code: 39ms)
 GET /api/auth/session 200 in 45ms (next.js: 9ms, application-code: 36ms)
 GET /api/auth/session 200 in 73ms (next.js: 31ms, application-code: 43ms)
 GET /api/auth/session 200 in 115ms (next.js: 81ms, application-code: 35ms)
 GET /api/auth/session 200 in 65ms (next.js: 32ms, application-code: 33ms)
 GET /api/auth/session 200 in 74ms (next.js: 31ms, application-code: 43ms)
 GET /user/documents 200 in 84ms (next.js: 16ms, proxy.ts: 13ms, application-code: 56ms)
 GET /user/wallet 404 in 81ms (next.js: 26ms, proxy.ts: 8ms, application-code: 47ms)
 GET /user/wallet 404 in 142ms (next.js: 33ms, proxy.ts: 7ms, application-code: 102ms)
 GET /api/auth/session 200 in 77ms (next.js: 37ms, application-code: 39ms)
 GET /api/auth/session 200 in 55ms (next.js: 13ms, application-code: 42ms)
 GET /api/auth/session 200 in 59ms (next.js: 28ms, application-code: 32ms)
 GET /user/wallet 200 in 4.3s (next.js: 3.5s, proxy.ts: 524ms, application-code: 266ms)
 GET /user/wallet 200 in 311ms (next.js: 17ms, proxy.ts: 18ms, application-code: 276ms)
 GET /user/wallet 200 in 1292ms (next.js: 114ms, proxy.ts: 21ms, application-code: 1157ms)
 GET /user/wallet 200 in 1452ms (next.js: 21ms, proxy.ts: 12ms, application-code: 1419ms)
 GET /user/wallet 200 in 1321ms (next.js: 27ms, proxy.ts: 23ms, application-code: 1270ms)
 GET /api/auth/session 200 in 411ms (next.js: 297ms, application-code: 114ms)
 GET /api/auth/session 200 in 53ms (next.js: 7ms, application-code: 46ms)
✓ Compiled in 1095ms
 GET /user/wallet 200 in 532ms (next.js: 248ms, proxy.ts: 77ms, application-code: 207ms)
 GET /user/wallet 200 in 306ms (next.js: 61ms, proxy.ts: 48ms, application-code: 197ms)
 GET /user/wallet 200 in 232ms (next.js: 16ms, proxy.ts: 11ms, application-code: 205ms)
 GET /user/wallet 200 in 131ms (next.js: 22ms, proxy.ts: 10ms, application-code: 99ms)
 GET /user/wallet 200 in 231ms (next.js: 21ms, proxy.ts: 16ms, application-code: 193ms)
 GET /user/wallet 200 in 122ms (next.js: 18ms, proxy.ts: 12ms, application-code: 92ms)
 GET /user/wallet 200 in 236ms (next.js: 24ms, proxy.ts: 13ms, application-code: 200ms)
 GET /user/wallet 200 in 229ms (next.js: 17ms, proxy.ts: 14ms, application-code: 199ms)
 GET /user/wallet 200 in 130ms (next.js: 19ms, proxy.ts: 20ms, application-code: 92ms)
 GET /user/wallet 200 in 227ms (next.js: 23ms, proxy.ts: 10ms, application-code: 193ms)
 GET /user/wallet 200 in 131ms (next.js: 16ms, proxy.ts: 9ms, application-code: 106ms)
 GET /user/wallet 200 in 226ms (next.js: 25ms, proxy.ts: 13ms, application-code: 187ms)
 GET /user/wallet 200 in 230ms (next.js: 16ms, proxy.ts: 8ms, application-code: 205ms)
 GET /user/wallet 200 in 229ms (next.js: 18ms, proxy.ts: 13ms, application-code: 198ms)
 GET /user/wallet 200 in 219ms (next.js: 19ms, proxy.ts: 10ms, application-code: 190ms)
 GET /user/wallet 200 in 265ms (next.js: 16ms, proxy.ts: 18ms, application-code: 231ms)
 GET /user/wallet 200 in 286ms (next.js: 18ms, proxy.ts: 22ms, application-code: 247ms)
 GET /user/wallet 200 in 242ms (next.js: 19ms, proxy.ts: 11ms, application-code: 211ms)
 GET /user/wallet 200 in 134ms (next.js: 21ms, proxy.ts: 9ms, application-code: 104ms)
 GET /user/wallet 200 in 231ms (next.js: 19ms, proxy.ts: 25ms, application-code: 187ms)
 GET /user/wallet 200 in 227ms (next.js: 15ms, proxy.ts: 9ms, application-code: 203ms)
 GET /user/wallet 200 in 235ms (next.js: 18ms, proxy.ts: 13ms, application-code: 204ms)
 GET /user/wallet 200 in 131ms (next.js: 17ms, proxy.ts: 16ms, application-code: 98ms)
 GET /user/wallet 200 in 132ms (next.js: 23ms, proxy.ts: 13ms, application-code: 96ms)
 GET /user/wallet 200 in 249ms (next.js: 16ms, proxy.ts: 18ms, application-code: 215ms)
 GET /user/wallet 200 in 246ms (next.js: 17ms, proxy.ts: 11ms, application-code: 218ms)
 GET /user/wallet 200 in 231ms (next.js: 19ms, proxy.ts: 9ms, application-code: 203ms)
 GET /user/wallet 200 in 235ms (next.js: 19ms, proxy.ts: 13ms, application-code: 203ms)
 GET /user/wallet 200 in 255ms (next.js: 19ms, proxy.ts: 13ms, application-code: 223ms)
 GET /user/wallet 200 in 148ms (next.js: 18ms, proxy.ts: 13ms, application-code: 117ms)
 GET /user/wallet 200 in 222ms (next.js: 22ms, proxy.ts: 12ms, application-code: 188ms)
 GET /user/wallet 200 in 231ms (next.js: 17ms, proxy.ts: 8ms, application-code: 205ms)
 GET /user/wallet 200 in 237ms (next.js: 21ms, proxy.ts: 11ms, application-code: 205ms)
 GET /user/wallet 200 in 220ms (next.js: 17ms, proxy.ts: 15ms, application-code: 188ms)
 GET /user/wallet 200 in 125ms (next.js: 17ms, proxy.ts: 13ms, application-code: 95ms)
 GET /user/wallet 200 in 242ms (next.js: 26ms, proxy.ts: 12ms, application-code: 205ms)
 GET /user/wallet 200 in 213ms (next.js: 16ms, proxy.ts: 9ms, application-code: 188ms)
 GET /user/wallet 200 in 228ms (next.js: 16ms, proxy.ts: 12ms, application-code: 200ms)
 GET /user/wallet 200 in 135ms (next.js: 27ms, proxy.ts: 9ms, application-code: 99ms)
 GET /user/wallet 200 in 234ms (next.js: 26ms, proxy.ts: 13ms, application-code: 195ms)
 GET /user/wallet 200 in 259ms (next.js: 16ms, proxy.ts: 12ms, application-code: 231ms)
 GET /user/wallet 200 in 261ms (next.js: 17ms, proxy.ts: 11ms, application-code: 233ms)
 GET /user/wallet 200 in 133ms (next.js: 19ms, proxy.ts: 12ms, application-code: 102ms)
 GET /user/wallet 200 in 229ms (next.js: 28ms, proxy.ts: 12ms, application-code: 189ms)
 GET /user/wallet 200 in 221ms (next.js: 16ms, proxy.ts: 9ms, application-code: 195ms)
 GET /user/wallet 200 in 230ms (next.js: 17ms, proxy.ts: 12ms, application-code: 201ms)
 GET /user/wallet 200 in 147ms (next.js: 27ms, proxy.ts: 10ms, application-code: 110ms)
 GET /user/wallet 200 in 235ms (next.js: 27ms, proxy.ts: 12ms, application-code: 196ms)
 GET /user/wallet 200 in 127ms (next.js: 16ms, proxy.ts: 10ms, application-code: 100ms)
 GET /user/wallet 200 in 228ms (next.js: 23ms, proxy.ts: 10ms, application-code: 195ms)
 GET /user/wallet 200 in 125ms (next.js: 16ms, proxy.ts: 12ms, application-code: 97ms)
 GET /user/wallet 200 in 141ms (next.js: 25ms, proxy.ts: 11ms, application-code: 104ms)
 GET /user/wallet 200 in 476ms (next.js: 191ms, proxy.ts: 68ms, application-code: 217ms)
 GET /user/wallet 200 in 329ms (next.js: 87ms, proxy.ts: 45ms, application-code: 197ms)
 GET /user/wallet 200 in 207ms (next.js: 17ms, proxy.ts: 10ms, application-code: 180ms)
 GET /user/wallet 200 in 212ms (next.js: 17ms, proxy.ts: 12ms, application-code: 183ms)
 GET /user/wallet 200 in 125ms (next.js: 17ms, proxy.ts: 13ms, application-code: 96ms)
 GET /user/wallet 200 in 209ms (next.js: 19ms, proxy.ts: 10ms, application-code: 180ms)
 GET /user/wallet 200 in 117ms (next.js: 17ms, proxy.ts: 9ms, application-code: 91ms)
 GET /user/wallet 200 in 226ms (next.js: 24ms, proxy.ts: 13ms, application-code: 189ms)
 GET /user/wallet 200 in 200ms (next.js: 16ms, proxy.ts: 10ms, application-code: 173ms)
 GET /user/wallet 200 in 216ms (next.js: 19ms, proxy.ts: 12ms, application-code: 184ms)
 GET /user/wallet 200 in 212ms (next.js: 16ms, proxy.ts: 12ms, application-code: 184ms)
 GET /user/wallet 200 in 205ms (next.js: 18ms, proxy.ts: 12ms, application-code: 175ms)
 GET /user/wallet 200 in 127ms (next.js: 18ms, proxy.ts: 12ms, application-code: 97ms)
 GET /user/wallet 200 in 243ms (next.js: 22ms, proxy.ts: 23ms, application-code: 198ms)
 GET /user/wallet 200 in 211ms (next.js: 16ms, proxy.ts: 9ms, application-code: 186ms)
 GET /user/wallet 200 in 233ms (next.js: 22ms, proxy.ts: 9ms, application-code: 201ms)
 GET /user/wallet 200 in 235ms (next.js: 17ms, proxy.ts: 12ms, application-code: 206ms)
 GET /user/wallet 200 in 220ms (next.js: 18ms, proxy.ts: 12ms, application-code: 189ms)
 GET /user/wallet 200 in 124ms (next.js: 17ms, proxy.ts: 12ms, application-code: 95ms)
 GET /user/wallet 200 in 266ms (next.js: 22ms, proxy.ts: 12ms, application-code: 233ms)
 GET /user/wallet 200 in 280ms (next.js: 19ms, proxy.ts: 12ms, application-code: 248ms)
 GET /user/wallet 200 in 239ms (next.js: 20ms, proxy.ts: 12ms, application-code: 207ms)
 GET /user/wallet 200 in 246ms (next.js: 17ms, proxy.ts: 11ms, application-code: 218ms)
 GET /user/wallet 200 in 247ms (next.js: 26ms, proxy.ts: 12ms, application-code: 209ms)
 GET /user/wallet 200 in 131ms (next.js: 18ms, proxy.ts: 13ms, application-code: 99ms)
 GET /user/wallet 200 in 272ms (next.js: 28ms, proxy.ts: 13ms, application-code: 231ms)
 GET /user/wallet 200 in 237ms (next.js: 21ms, proxy.ts: 10ms, application-code: 207ms)
 GET /user/wallet 200 in 125ms (next.js: 17ms, proxy.ts: 12ms, application-code: 96ms)
 GET /user/wallet 200 in 221ms (next.js: 19ms, proxy.ts: 14ms, application-code: 188ms)
 GET /user/wallet 200 in 217ms (next.js: 17ms, proxy.ts: 10ms, application-code: 190ms)
 GET /user/wallet 200 in 218ms (next.js: 21ms, proxy.ts: 10ms, application-code: 187ms)
 GET /user/wallet 200 in 248ms (next.js: 17ms, proxy.ts: 23ms, application-code: 208ms)
 GET /user/wallet 200 in 236ms (next.js: 16ms, proxy.ts: 12ms, application-code: 208ms)
 GET /user/wallet 200 in 319ms (next.js: 18ms, proxy.ts: 29ms, application-code: 271ms)
 GET /user/wallet 200 in 209ms (next.js: 22ms, proxy.ts: 12ms, application-code: 174ms)
 GET /user/wallet 200 in 254ms (next.js: 30ms, proxy.ts: 20ms, application-code: 204ms)
 GET /user/wallet 200 in 225ms (next.js: 16ms, proxy.ts: 12ms, application-code: 197ms)
 GET /user/wallet 200 in 279ms (next.js: 19ms, proxy.ts: 13ms, application-code: 248ms)
 GET /user/wallet 200 in 175ms (next.js: 23ms, proxy.ts: 9ms, application-code: 143ms)
 GET /user/wallet 200 in 517ms (next.js: 214ms, proxy.ts: 34ms, application-code: 269ms)
 GET /user/wallet 200 in 267ms (next.js: 27ms, proxy.ts: 13ms, application-code: 227ms)
 GET /user/wallet 200 in 231ms (next.js: 20ms, proxy.ts: 19ms, application-code: 192ms)
 GET /user/wallet 200 in 133ms (next.js: 22ms, proxy.ts: 10ms, application-code: 101ms)
 GET /user/wallet 200 in 228ms (next.js: 21ms, proxy.ts: 19ms, application-code: 188ms)
 GET /user/wallet 200 in 222ms (next.js: 16ms, proxy.ts: 9ms, application-code: 197ms)
 GET /user/wallet 200 in 130ms (next.js: 19ms, proxy.ts: 13ms, application-code: 98ms)
 GET /user/wallet 200 in 236ms (next.js: 23ms, proxy.ts: 10ms, application-code: 202ms)
 GET /user/wallet 200 in 376ms (next.js: 17ms, proxy.ts: 11ms, application-code: 349ms)
 GET /user/wallet 200 in 276ms (next.js: 22ms, proxy.ts: 20ms, application-code: 234ms)
 GET /user/wallet 200 in 481ms (next.js: 62ms, proxy.ts: 10ms, application-code: 409ms)
 GET /user/wallet 200 in 227ms (next.js: 21ms, proxy.ts: 16ms, application-code: 190ms)
 GET /user/wallet 200 in 234ms (next.js: 19ms, proxy.ts: 9ms, application-code: 206ms)
 GET /user/wallet 200 in 639ms (next.js: 119ms, proxy.ts: 17ms, application-code: 503ms)
 GET /user/wallet 200 in 362ms (next.js: 53ms, proxy.ts: 30ms, application-code: 279ms)
 GET /login?from=%2Fuser%2Fwallet 200 in 647ms (next.js: 154ms, proxy.ts: 5ms, application-code: 487ms)
 GET /login?from=%2Fuser%2Fprint 200 in 148ms (next.js: 17ms, proxy.ts: 4ms, application-code: 127ms)
 GET /login?from=%2Fuser%2Fsettings 200 in 149ms (next.js: 14ms, proxy.ts: 5ms, application-code: 130ms)
✓ Compiled in 722ms
 GET /user/wallet 200 in 147ms (next.js: 37ms, proxy.ts: 15ms, application-code: 95ms)
✓ Compiled in 560ms
 GET /user/wallet 200 in 143ms (next.js: 41ms, proxy.ts: 12ms, application-code: 90ms)
 GET /login?from=%2Fuser%2Fwallet 200 in 172ms (next.js: 17ms, proxy.ts: 9ms, application-code: 147ms)
 GET /api/auth/session 200 in 426ms (next.js: 212ms, application-code: 213ms)
 GET /user/print 200 in 1850ms (next.js: 1752ms, proxy.ts: 8ms, application-code: 90ms)
 GET /user/settings 200 in 2.4s (next.js: 2.3s, proxy.ts: 10ms, application-code: 89ms)
 GET /user/print 200 in 90ms (next.js: 18ms, proxy.ts: 12ms, application-code: 60ms)
 GET /user/wallet 200 in 76ms (next.js: 15ms, proxy.ts: 9ms, application-code: 52ms)
 GET /user/documents 200 in 108ms (next.js: 52ms, proxy.ts: 8ms, application-code: 48ms)
 GET /user 200 in 109ms (next.js: 52ms, proxy.ts: 8ms, application-code: 49ms)
 GET /api/auth/csrf 200 in 63ms (next.js: 21ms, application-code: 42ms)
 POST /api/auth/signout 200 in 56ms (next.js: 11ms, application-code: 45ms)
 GET / 200 in 737ms (next.js: 59ms, application-code: 678ms)
 GET /api/auth/session 200 in 52ms (next.js: 9ms, application-code: 43ms)
 GET /api/auth/session 200 in 50ms (next.js: 7ms, application-code: 43ms)
 GET / 200 in 30ms (next.js: 13ms, application-code: 18ms)
✓ Compiled in 1287ms
 GET / 200 in 152ms (next.js: 41ms, application-code: 112ms)
✓ Compiled in 589ms
 GET / 200 in 120ms (next.js: 27ms, application-code: 93ms)
✓ Compiled in 342ms
 GET / 200 in 119ms (next.js: 29ms, application-code: 90ms)
✓ Compiled in 210ms
 GET / 200 in 137ms (next.js: 32ms, application-code: 104ms)
 GET / 200 in 339ms (next.js: 12ms, application-code: 326ms)
 GET / 200 in 297ms (next.js: 12ms, application-code: 284ms)
 GET /api/auth/session 200 in 56ms (next.js: 30ms, application-code: 27ms)
 GET /api/auth/session 200 in 44ms (next.js: 8ms, application-code: 36ms)
 GET /login?from=%2Fuser%2Fcafes 307 in 22ms (proxy.ts: 5ms)
 GET /login?from=%2Fuser%2Fcafes 200 in 64ms (next.js: 12ms, proxy.ts: 7ms, application-code: 45ms)
 GET /api/auth/providers 200 in 52ms (next.js: 18ms, application-code: 34ms)
 GET /api/auth/csrf 200 in 31ms (next.js: 7ms, application-code: 24ms)
 POST /api/auth/callback/credentials 200 in 57ms (next.js: 10ms, application-code: 47ms)
 GET /user 200 in 623ms (next.js: 25ms, proxy.ts: 8ms, application-code: 589ms)
 GET /api/auth/session 200 in 58ms (next.js: 14ms, application-code: 44ms)
 GET /api/auth/session 200 in 48ms (next.js: 9ms, application-code: 39ms)
 GET /api/auth/csrf 200 in 56ms (next.js: 25ms, application-code: 30ms)
 POST /api/auth/signout 200 in 30ms (next.js: 11ms, application-code: 20ms)
 GET / 200 in 478ms (next.js: 15ms, application-code: 463ms)
 GET /api/auth/session 200 in 46ms (next.js: 8ms, application-code: 37ms)
 GET /api/auth/session 200 in 47ms (next.js: 8ms, application-code: 40ms)
 GET / 200 in 28ms (next.js: 11ms, application-code: 16ms)
 GET / 200 in 30ms (next.js: 11ms, application-code: 19ms)
 GET / 200 in 30ms (next.js: 13ms, application-code: 17ms)
 GET / 200 in 27ms (next.js: 11ms, application-code: 15ms)
 GET /register/cafe 200 in 305ms (next.js: 178ms, application-code: 127ms)
 GET /login 200 in 152ms (next.js: 79ms, proxy.ts: 26ms, application-code: 47ms)
 GET /api/auth/providers 200 in 126ms (next.js: 61ms, application-code: 66ms)
 GET /api/auth/csrf 200 in 51ms (next.js: 11ms, application-code: 40ms)
 POST /api/auth/callback/credentials 401 in 43ms (next.js: 9ms, application-code: 34ms)
 GET /api/auth/providers 200 in 91ms (next.js: 61ms, application-code: 29ms)
 GET /api/auth/csrf 200 in 38ms (next.js: 8ms, application-code: 30ms)
 POST /api/auth/callback/credentials 401 in 39ms (next.js: 9ms, application-code: 29ms)
 GET /api/auth/providers 200 in 43ms (next.js: 12ms, application-code: 31ms)
 GET /api/auth/csrf 200 in 38ms (next.js: 6ms, application-code: 32ms)
 POST /api/auth/callback/credentials 401 in 96ms (next.js: 6ms, application-code: 89ms)
 GET /api/auth/providers 200 in 50ms (next.js: 24ms, application-code: 25ms)
 GET /api/auth/csrf 200 in 50ms (next.js: 11ms, application-code: 39ms)
 POST /api/auth/callback/credentials 401 in 47ms (next.js: 7ms, application-code: 40ms)
 GET /register/cafe 200 in 95ms (next.js: 24ms, application-code: 71ms)
 GET /login 200 in 104ms (next.js: 20ms, proxy.ts: 16ms, application-code: 68ms)
 GET /login 200 in 93ms (next.js: 21ms, proxy.ts: 9ms, application-code: 63ms)
 GET /login 200 in 86ms (next.js: 23ms, proxy.ts: 8ms, application-code: 54ms)
 GET /api/auth/providers 200 in 50ms (next.js: 23ms, application-code: 27ms)
 GET /api/auth/csrf 200 in 44ms (next.js: 9ms, application-code: 34ms)
 POST /api/auth/callback/credentials 401 in 36ms (next.js: 6ms, application-code: 30ms)
 GET /api/auth/providers 200 in 63ms (next.js: 20ms, application-code: 44ms)
 GET /api/auth/csrf 200 in 44ms (next.js: 7ms, application-code: 38ms)
 POST /api/auth/callback/credentials 200 in 46ms (next.js: 7ms, application-code: 39ms)
 GET /user 200 in 334ms (next.js: 58ms, proxy.ts: 13ms, application-code: 263ms)
 GET /api/auth/session 200 in 40ms (next.js: 8ms, application-code: 32ms)
 GET /api/auth/session 200 in 52ms (next.js: 7ms, application-code: 45ms)
 GET /api/auth/csrf 200 in 47ms (next.js: 22ms, application-code: 25ms)
 POST /api/auth/signout 200 in 45ms (next.js: 8ms, application-code: 38ms)
 GET / 200 in 418ms (next.js: 46ms, application-code: 372ms)
 GET /api/auth/session 200 in 60ms (next.js: 15ms, application-code: 45ms)
 GET /api/auth/session 200 in 60ms (next.js: 13ms, application-code: 46ms)
 GET / 200 in 459ms (next.js: 71ms, application-code: 389ms)
 GET /api/auth/session 200 in 50ms (next.js: 25ms, application-code: 26ms)
 GET /api/auth/session 200 in 82ms (next.js: 8ms, application-code: 74ms)
 GET /register/cafe 200 in 67ms (next.js: 13ms, application-code: 55ms)
 GET /login 200 in 67ms (next.js: 14ms, proxy.ts: 5ms, application-code: 47ms)
 GET /api/auth/providers 200 in 47ms (next.js: 23ms, application-code: 24ms)
 GET /api/auth/csrf 200 in 42ms (next.js: 8ms, application-code: 34ms)
 POST /api/auth/callback/credentials 200 in 52ms (next.js: 8ms, application-code: 45ms)
 GET /user 200 in 258ms (next.js: 20ms, proxy.ts: 16ms, application-code: 222ms)
 GET /api/auth/session 200 in 44ms (next.js: 8ms, application-code: 36ms)
 GET /api/auth/session 200 in 44ms (next.js: 8ms, application-code: 36ms)
 GET /api/auth/session 200 in 73ms (next.js: 38ms, application-code: 36ms)
 GET /api/auth/session 200 in 103ms (next.js: 52ms, application-code: 51ms)
 GET / 200 in 470ms (next.js: 33ms, application-code: 438ms)
 GET /api/auth/session 200 in 54ms (next.js: 21ms, application-code: 33ms)
 GET /api/auth/session 200 in 34ms (next.js: 8ms, application-code: 26ms)
 GET /api/auth/session 200 in 45ms (next.js: 7ms, application-code: 38ms)
 GET /api/auth/session 200 in 69ms (next.js: 39ms, application-code: 31ms)
 GET /api/auth/session 200 in 46ms (next.js: 7ms, application-code: 39ms)
 GET /api/auth/session 200 in 69ms (next.js: 32ms, application-code: 37ms)
 GET /api/auth/session 200 in 42ms (next.js: 17ms, application-code: 25ms)
 GET /api/auth/session 200 in 45ms (next.js: 18ms, application-code: 27ms)
 GET /api/auth/session 200 in 45ms (next.js: 10ms, application-code: 35ms)
 GET /api/auth/session 200 in 67ms (next.js: 34ms, application-code: 33ms)
 GET /api/auth/session 200 in 43ms (next.js: 10ms, application-code: 33ms)
 GET / 200 in 476ms (next.js: 20ms, application-code: 456ms)
 GET /api/auth/session 200 in 50ms (next.js: 21ms, application-code: 29ms)
 GET /api/auth/session 200 in 33ms (next.js: 10ms, application-code: 23ms)
 GET /api/auth/session 200 in 51ms (next.js: 7ms, application-code: 44ms)
 GET /api/auth/session 200 in 49ms (next.js: 9ms, application-code: 41ms)
 GET / 200 in 29ms (next.js: 12ms, application-code: 16ms)
 GET / 200 in 37ms (next.js: 20ms, application-code: 17ms)
 GET /api/auth/session 200 in 170ms (next.js: 61ms, application-code: 109ms)
 GET /api/auth/session 200 in 71ms (next.js: 35ms, application-code: 36ms)
 GET /api/auth/session 200 in 202ms (next.js: 94ms, application-code: 108ms)
 GET /api/auth/session 200 in 63ms (next.js: 27ms, application-code: 35ms)
 GET /api/auth/session 200 in 46ms (next.js: 11ms, application-code: 36ms)
 GET /api/auth/session 200 in 74ms (next.js: 42ms, application-code: 32ms)
